---
http_interactions:
- request:
    method: post
    uri: http://localhost:8981/solr/update?wt=ruby
    body:
      encoding: US-ASCII
      string: <?xml version="1.0" encoding="UTF-8"?><delete><id>PatronStatusPermission
        440326314</id></delete>
    headers:
      Content-Type:
      - text/xml
  response:
    status:
      code: 200
      message: OK
    headers:
      Server:
      - Apache-Coyote/1.1
      Content-Type:
      - text/plain;charset=UTF-8
      Transfer-Encoding:
      - chunked
      Date:
      - Mon, 01 Jul 2013 23:07:33 GMT
      Connection:
      - close
    body:
      encoding: US-ASCII
      string: ! '{''responseHeader''=>{''status''=>0,''QTime''=>6}}'
    http_version: 
  recorded_at: Mon, 01 Jul 2013 23:07:33 GMT
- request:
    method: post
    uri: http://localhost:8981/solr/update?wt=ruby
    body:
      encoding: US-ASCII
      string: <?xml version="1.0" encoding="UTF-8"?><delete><id>PatronStatusPermission
        832099394</id></delete>
    headers:
      Content-Type:
      - text/xml
  response:
    status:
      code: 200
      message: OK
    headers:
      Server:
      - Apache-Coyote/1.1
      Content-Type:
      - text/plain;charset=UTF-8
      Transfer-Encoding:
      - chunked
      Date:
      - Mon, 01 Jul 2013 23:07:33 GMT
      Connection:
      - close
    body:
      encoding: US-ASCII
      string: ! '{''responseHeader''=>{''status''=>0,''QTime''=>0}}'
    http_version: 
  recorded_at: Mon, 01 Jul 2013 23:07:33 GMT
- request:
    method: post
    uri: http://localhost:8981/solr/update?wt=ruby
    body:
      encoding: US-ASCII
      string: <?xml version="1.0" encoding="UTF-8"?><delete><id>Sublibrary 133703334</id></delete>
    headers:
      Content-Type:
      - text/xml
  response:
    status:
      code: 200
      message: OK
    headers:
      Server:
      - Apache-Coyote/1.1
      Content-Type:
      - text/plain;charset=UTF-8
      Transfer-Encoding:
      - chunked
      Date:
      - Mon, 01 Jul 2013 23:07:33 GMT
      Connection:
      - close
    body:
      encoding: US-ASCII
      string: ! '{''responseHeader''=>{''status''=>0,''QTime''=>6}}'
    http_version: 
  recorded_at: Mon, 01 Jul 2013 23:07:33 GMT
- request:
    method: post
    uri: http://localhost:8981/solr/update?wt=ruby
    body:
      encoding: US-ASCII
      string: <?xml version="1.0" encoding="UTF-8"?><commit/>
    headers:
      Content-Type:
      - text/xml
  response:
    status:
      code: 200
      message: OK
    headers:
      Server:
      - Apache-Coyote/1.1
      Content-Type:
      - text/plain;charset=UTF-8
      Transfer-Encoding:
      - chunked
      Date:
      - Mon, 01 Jul 2013 23:07:33 GMT
      Connection:
      - close
    body:
      encoding: US-ASCII
      string: ! '{''responseHeader''=>{''status''=>0,''QTime''=>6}}'
    http_version: 
  recorded_at: Mon, 01 Jul 2013 23:07:33 GMT
recorded_with: VCR 2.4.0
