---
http_interactions:
- request:
    method: post
    uri: http://localhost:8984/solr/test/update?wt=ruby
    body:
      encoding: UTF-8
      string: <?xml version="1.0" encoding="UTF-8"?><delete><id>PatronStatusPermission
        832099394</id></delete>
    headers:
      Content-Type:
      - text/xml
  response:
    status:
      code: 200
      message: OK
    headers:
      Content-Type:
      - text/plain;charset=UTF-8
      Transfer-Encoding:
      - chunked
    body:
      encoding: UTF-8
      string: "{'responseHeader'=>{'status'=>0,'QTime'=>1}}\n"
    http_version: 
  recorded_at: Wed, 12 Nov 2014 16:53:21 GMT
- request:
    method: post
    uri: http://localhost:8984/solr/test/update?wt=ruby
    body:
      encoding: UTF-8
      string: <?xml version="1.0" encoding="UTF-8"?><add><doc><field name="id">PatronStatus
        133703334</field><field name="type">PatronStatus</field><field name="type">ActiveRecord::Base</field><field
        name="class_name">PatronStatus</field><field name="description_ss">specialdescription</field><field
        name="original_text_s">Ugly_Adjunct_Fac</field><field name="code_ss">52</field><field
        name="from_aleph_bs">true</field><field name="web_text_ss">Adjunct Faculty</field><field
        name="under_header_ss">Library</field><field name="visible_bs">true</field><field
        name="sort_header_ss">library</field><field name="sublibraries_with_access_sms">TNSFO</field><field
        boost="5.0" name="keywords_text">Adjunct, Faculty, Adjunct Faculty, specialkeyword</field><field
        name="web_text_text">Adjunct Faculty</field><field name="code_text">52</field><field
        name="description_text">specialdescription</field><field name="under_header_text">Library</field><field
        name="original_text_text">Ugly_Adjunct_Fac</field></doc></add>
    headers:
      Content-Type:
      - text/xml
  response:
    status:
      code: 200
      message: OK
    headers:
      Content-Type:
      - text/plain;charset=UTF-8
      Transfer-Encoding:
      - chunked
    body:
      encoding: UTF-8
      string: "{'responseHeader'=>{'status'=>0,'QTime'=>3}}\n"
    http_version: 
  recorded_at: Wed, 12 Nov 2014 16:53:21 GMT
- request:
    method: post
    uri: http://localhost:8984/solr/test/update?wt=ruby
    body:
      encoding: UTF-8
      string: <?xml version="1.0" encoding="UTF-8"?><commit/>
    headers:
      Content-Type:
      - text/xml
  response:
    status:
      code: 200
      message: OK
    headers:
      Content-Type:
      - text/plain;charset=UTF-8
      Transfer-Encoding:
      - chunked
    body:
      encoding: UTF-8
      string: "{'responseHeader'=>{'status'=>0,'QTime'=>20}}\n"
    http_version: 
  recorded_at: Wed, 12 Nov 2014 16:53:21 GMT
- request:
    method: post
    uri: http://localhost:8984/solr/test/update?wt=ruby
    body:
      encoding: UTF-8
      string: <?xml version="1.0" encoding="UTF-8"?><add><doc><field name="id">Sublibrary
        133703334</field><field name="type">Sublibrary</field><field name="type">ActiveRecord::Base</field><field
        name="class_name">Sublibrary</field><field name="web_text_ss">New School Fogelman
        Library</field><field name="code_ss">TNSFO</field><field name="visible_bs">true</field><field
        name="visible_frontend_bs">true</field><field name="from_aleph_bs">true</field><field
        name="original_text_s">New School Fogelman Library</field><field name="under_header_ss">New
        School</field><field name="sort_header_ss">new school</field><field name="sort_text_ss">new
        school fogelman library</field><field name="web_text_text">New School Fogelman
        Library</field><field name="original_text_text">New School Fogelman Library</field><field
        name="code_text">TNSFO</field><field name="under_header_text">New School</field></doc></add>
    headers:
      Content-Type:
      - text/xml
  response:
    status:
      code: 200
      message: OK
    headers:
      Content-Type:
      - text/plain;charset=UTF-8
      Transfer-Encoding:
      - chunked
    body:
      encoding: UTF-8
      string: "{'responseHeader'=>{'status'=>0,'QTime'=>3}}\n"
    http_version: 
  recorded_at: Wed, 12 Nov 2014 16:53:21 GMT
- request:
    method: post
    uri: http://localhost:8984/solr/test/update?wt=ruby
    body:
      encoding: UTF-8
      string: <?xml version="1.0" encoding="UTF-8"?><commit/>
    headers:
      Content-Type:
      - text/xml
  response:
    status:
      code: 200
      message: OK
    headers:
      Content-Type:
      - text/plain;charset=UTF-8
      Transfer-Encoding:
      - chunked
    body:
      encoding: UTF-8
      string: "{'responseHeader'=>{'status'=>0,'QTime'=>21}}\n"
    http_version: 
  recorded_at: Wed, 12 Nov 2014 16:53:21 GMT
- request:
    method: post
    uri: http://localhost:8984/solr/test/update?wt=ruby
    body:
      encoding: UTF-8
      string: <?xml version="1.0" encoding="UTF-8"?><delete><id>PatronStatusPermission
        832099394</id></delete>
    headers:
      Content-Type:
      - text/xml
  response:
    status:
      code: 200
      message: OK
    headers:
      Content-Type:
      - text/plain;charset=UTF-8
      Transfer-Encoding:
      - chunked
    body:
      encoding: UTF-8
      string: "{'responseHeader'=>{'status'=>0,'QTime'=>1}}\n"
    http_version: 
  recorded_at: Wed, 17 Jun 2015 16:59:32 GMT
- request:
    method: post
    uri: http://localhost:8984/solr/test/update?wt=ruby
    body:
      encoding: UTF-8
      string: <?xml version="1.0" encoding="UTF-8"?><commit/>
    headers:
      Content-Type:
      - text/xml
  response:
    status:
      code: 200
      message: OK
    headers:
      Content-Type:
      - text/plain;charset=UTF-8
      Transfer-Encoding:
      - chunked
    body:
      encoding: UTF-8
      string: "{'responseHeader'=>{'status'=>0,'QTime'=>10}}\n"
    http_version: 
  recorded_at: Wed, 17 Jun 2015 16:59:32 GMT
- request:
    method: post
    uri: http://localhost:8984/solr/test/update?wt=json
    body:
      encoding: UTF-8
      string: '{"delete":["PatronStatusPermission 832099394"]}'
    headers:
      User-Agent:
      - Faraday v0.9.2
      Content-Type:
      - application/json
      Accept-Encoding:
      - gzip;q=1.0,deflate;q=0.6,identity;q=0.3
      Accept:
      - "*/*"
  response:
    status:
      code: 200
      message: OK
    headers:
      Content-Type:
      - application/json; charset=UTF-8
      Transfer-Encoding:
      - chunked
    body:
      encoding: UTF-8
      string: '{"responseHeader":{"status":0,"QTime":0}}

'
    http_version: 
  recorded_at: Wed, 09 Aug 2017 20:59:31 GMT
- request:
    method: post
    uri: http://localhost:8984/solr/test/update?wt=json
    body:
      encoding: UTF-8
      string: '{"commit":{"softCommit":false}}'
    headers:
      User-Agent:
      - Faraday v0.9.2
      Content-Type:
      - application/json
      Accept-Encoding:
      - gzip;q=1.0,deflate;q=0.6,identity;q=0.3
      Accept:
      - "*/*"
  response:
    status:
      code: 200
      message: OK
    headers:
      Content-Type:
      - application/json; charset=UTF-8
      Transfer-Encoding:
      - chunked
    body:
      encoding: UTF-8
      string: '{"responseHeader":{"status":0,"QTime":5}}

'
    http_version: 
  recorded_at: Wed, 09 Aug 2017 20:59:31 GMT
recorded_with: VCR 3.0.3
